{
  "M": {
    "foo": {
      "L": [
        {
          "NULL": true
        },
        {
          "BOOL": true
        },
        {
          "BOOL": false
        },
        {
          "N": "1"
        },
        {
          "S": "2"
        },
        {
          "L": [
            {
              "S": "3"
            },
            {
              "S": "4"
            }
          ]
        }
      ]
    },
    "bar": {
      "S": "SGVsbG9Xb3JsZAo="
    }
  }
}
