{
  "linkedPostIds": {
    "L": [
      {
        "S": "cbaf96a2-8c1d-46b1-952c-59596145b158"
      },
      {
        "S": "585381ad-785e-4bc9-9c85-da8a0b754dc6"
      }
    ]
  },
  "userId": {
    "S": "65111529-2dbf-4f49-85d4-f0221035f9d5"
  },
  "version": {
    "N": "1"
  },
  "timestamp": {
    "S": "2022-10-18T16:42:00.0000000+00:00"
  },
  "tags": {
    "SS": [
      "data",
      "test"
    ]
  }
}
