{
  "user": {
    "UserId": "8670ca59-b316-43b2-a6bf-103825793018",
    "UserStatus": "Active",
    "Username": "johndoe",
    "FullName": null,
    "ItemVersion": 1
  },
  "userNotification": {
    "UserId": "8670ca59-b316-43b2-a6bf-103825793018",
    "Timestamp": "2024-04-15T08:41:00+00:00",
    "Message": "<REDACTED>"
  },
  "storedItems": [
    {
      "Table": "users",
      "Items": [
        {
          "userStatus": {
            "S": "active"
          },
          "$version": {
            "N": "1"
          },
          "userId": {
            "S": "8670ca59-b316-43b2-a6bf-103825793018"
          },
          "$type": {
            "S": "DynamoDB.Net.Tests.FunctionalTests.Common.Models.User, DynamoDB.Net.Tests, Version=1.0.0.0, Culture=neutral, PublicKeyToken=null"
          },
          "username": {
            "S": "johndoe"
          }
        }
      ]
    },
    {
      "Table": "user-notifications",
      "Items": [
        {
          "message": {
            "S": "<REDACTED>"
          },
          "userId": {
            "S": "8670ca59-b316-43b2-a6bf-103825793018"
          },
          "$type": {
            "S": "DynamoDB.Net.Tests.FunctionalTests.Common.Models.UserNotification, DynamoDB.Net.Tests, Version=1.0.0.0, Culture=neutral, PublicKeyToken=null"
          },
          "timestamp": {
            "S": "2024-04-15T08:41:00.0000000+00:00"
          }
        }
      ]
    }
  ]
}
